
> angular-app@0.0.0 start
> ng serve

[33m>[39m Building...
[32m√[39m Building...
[1mInitial chunk files[22m[2m | [22m[1mNames[22m             [2m | [22m [1mRaw size[22m
[32mscripts.js[39m         [2m | [22m[2mscripts[22m           [2m | [22m[36m979.05 kB[39m[2m | [22m
[32mstyles.css[39m         [2m | [22m[2mstyles[22m            [2m | [22m[36m240.05 kB[39m[2m | [22m
[32mmain.js[39m            [2m | [22m[2mmain[22m              [2m | [22m[36m221.13 kB[39m[2m | [22m
[32mpolyfills.js[39m       [2m | [22m[2mpolyfills[22m         [2m | [22m [36m90.20 kB[39m[2m | [22m
[32mchunk-QFXPIZJN.js[39m  [2m | [22m[2m-[22m                 [2m | [22m [36m19.18 kB[39m[2m | [22m
[32mchunk-L32PCF4W.js[39m  [2m | [22m[2m-[22m                 [2m | [22m [36m13.48 kB[39m[2m | [22m

[1m [22m                  [2m | [22m[1mInitial total[22m     [2m | [22m  [1m1.56 MB[22m

[1mLazy chunk files[22m   [2m | [22m[1mNames[22m             [2m | [22m [1mRaw size[22m
[32mchunk-BDQTTCDK.js[39m  [2m | [22m[2mfrontoffice-module[22m[2m | [22m[36m207.34 kB[39m[2m | [22m
[32mchunk-7TXBNOHN.js[39m  [2m | [22m[2mprofile-component[22m [2m | [22m[36m121.30 kB[39m[2m | [22m
[32mchunk-YI7L4RVK.js[39m  [2m | [22m[2m-[22m                 [2m | [22m  [36m3.99 kB[39m[2m | [22m

Application bundle generation complete. [9.699 seconds]

Watch mode enabled. Watching for file changes...
NOTE: Raw file sizes do not reflect development server per-request transformations.
  [32m➜[39m  [1mLocal[22m:   [36mhttp://localhost:[1m4200[22m/[39m
